***Start LPC Execution***
Contents of 11: 250
***End LPC Execution***
