***Start LPC Execution***
Contents of 13: 5040
***End LPC Execution***
