***Start LPC Execution***
Contents of 09: -200
***End LPC Execution***
