***Start LPC Execution***
***FATAL ERROR - Accumulator Overflow***
***lpc execution abnormally terminated***

Registers: 
accumulator -9999
program counter 00003
op-code 00031
operand 00010

      0    1    2    3    4    5    6    7    8    9 
 0 1009 1010 2009 3110 4107 1109 4300 1110 4300 -9999 
10 0001 0000 0000 0000 0000 0000 0000 0000 0000 0000 
20 0000 0000 0000 0000 0000 0000 0000 0000 0000 0000 
30 0000 0000 0000 0000 0000 0000 0000 0000 0000 0000 
40 0000 0000 0000 0000 0000 0000 0000 0000 0000 0000 
50 0000 0000 0000 0000 0000 0000 0000 0000 0000 0000 
60 0000 0000 0000 0000 0000 0000 0000 0000 0000 0000 
70 0000 0000 0000 0000 0000 0000 0000 0000 0000 0000 
80 0000 0000 0000 0000 0000 0000 0000 0000 0000 0000 
90 0000 0000 0000 0000 0000 0000 0000 0000 0000 0000 
***End LPC Execution***
