***Start LPC Execution***
Contents of 21: 30
***End LPC Execution***
