***Start LPC Execution***
Contents of 11: -23
***End LPC Execution***
