***Start LPC Execution***
Contents of 21: 7
***End LPC Execution***
