***Start LPC Execution***
Contents of 13: 1
***End LPC Execution***
