***Start LPC Execution***
Contents of 13: 24
***End LPC Execution***
