***Start LPC Execution***
Contents of 11: -9999
***End LPC Execution***
