***Start LPC Execution***
Contents of 21: 20
***End LPC Execution***
