***Start LPC Execution***
***FATAL ERROR: Illegal opCode***
***LPC execution abnormally terminated***

Registers: 
accumulator +0000
program counter 00002
op-code 00099
operand 00099

      0    1    2    3    4    5    6    7    8    9 
 0 1009 1010 9999 2009 3010 3110 2112 1112 4300 0001 
10 0002 0000 0000 0000 0000 0000 0000 0000 0000 0000 
20 0000 0000 0000 0000 0000 0000 0000 0000 0000 0000 
30 0000 0000 0000 0000 0000 0000 0000 0000 0000 0000 
40 0000 0000 0000 0000 0000 0000 0000 0000 0000 0000 
50 0000 0000 0000 0000 0000 0000 0000 0000 0000 0000 
60 0000 0000 0000 0000 0000 0000 0000 0000 0000 0000 
70 0000 0000 0000 0000 0000 0000 0000 0000 0000 0000 
80 0000 0000 0000 0000 0000 0000 0000 0000 0000 0000 
90 0000 0000 0000 0000 0000 0000 0000 0000 0000 0000 
***End LPC Execution***
