***Start LPC Execution***
Contents of 09: 99
***End LPC Execution***
