***Start LPC Execution***
Contents of 21: -6
***End LPC Execution***
