***Start LPC Execution***
Contents of 11: 0
***End LPC Execution***
