***Start LPC Execution***
Contents of 21: 999
***End LPC Execution***
