***Start LPC Execution***
Contents of 10: -91
***End LPC Execution***
