***Start LPC Execution***
Contents of 21: 42
***End LPC Execution***
