***Start LPC Execution***
Contents of 21: 0
***End LPC Execution***
